
pc@DESKTOP-B0V5MA7 MINGW32 ~
$ git config --global user.name
aliaamohamedali

pc@DESKTOP-B0V5MA7 MINGW32 ~
$ git config --global user.email
aliaamohamedali284@gmail.com

pc@DESKTOP-B0V5MA7 MINGW32 ~
$ cd d:/

pc@DESKTOP-B0V5MA7 MINGW32 /d
$ cd MyCourses/DataScienceJohnsHopkins

pc@DESKTOP-B0V5MA7 MINGW32 /d/MyCourses/DataScienceJohnsHopkins
$ cd datasciencecoursera

pc@DESKTOP-B0V5MA7 MINGW32 /d/MyCourses/DataScienceJohnsHopkins/datasciencecoursera
$ git pull --rebase origin master from https://github.com/aliaamohamedali/datasciencecoursera * branch master
fatal: Not a git repository (or any of the parent directories): .git

pc@DESKTOP-B0V5MA7 MINGW32 /d/MyCourses/DataScienceJohnsHopkins/datasciencecoursera
$ git remote add origin https://UserNAme:password@github.com/UserName/datasciencecoursera.git
fatal: Not a git repository (or any of the parent directories): .git

pc@DESKTOP-B0V5MA7 MINGW32 /d/MyCourses/DataScienceJohnsHopkins/datasciencecoursera
$ git config --global user.email
aliaamohamedali284@gmail.com

pc@DESKTOP-B0V5MA7 MINGW32 /d/MyCourses/DataScienceJohnsHopkins/datasciencecoursera
$ git init
Initialized empty Git repository in D:/MyCourses/DataScienceJohnsHopkins/datasciencecoursera/.git/

pc@DESKTOP-B0V5MA7 MINGW32 /d/MyCourses/DataScienceJohnsHopkins/datasciencecoursera (master)
$ git remote add origin https://github.com/aliaamohamedali/datasciencecoursera.git

pc@DESKTOP-B0V5MA7 MINGW32 /d/MyCourses/DataScienceJohnsHopkins/datasciencecoursera (master)
$ git add .

pc@DESKTOP-B0V5MA7 MINGW32 /d/MyCourses/DataScienceJohnsHopkins/datasciencecoursera (master)
$ git commit -m "Excercise"
[master (root-commit) ee6e7c6] Excercise
 1 file changed, 1 insertion(+)
 create mode 100644 HelloWorld.md

pc@DESKTOP-B0V5MA7 MINGW32 /d/MyCourses/DataScienceJohnsHopkins/datasciencecoursera (master)
$ git remote -v
origin  https://github.com/aliaamohamedali/datasciencecoursera.git (fetch)
origin  https://github.com/aliaamohamedali/datasciencecoursera.git (push)

pc@DESKTOP-B0V5MA7 MINGW32 /d/MyCourses/DataScienceJohnsHopkins/datasciencecoursera (master)
$ git push origin master
To https://github.com/aliaamohamedali/datasciencecoursera.git
 ! [rejected]        master -> master (fetch first)
error: failed to push some refs to 'https://github.com/aliaamohamedali/datasciencecoursera.git'
hint: Updates were rejected because the remote contains work that you do
hint: not have locally. This is usually caused by another repository pushing
hint: to the same ref. You may want to first integrate the remote changes
hint: (e.g., 'git pull ...') before pushing again.
hint: See the 'Note about fast-forwards' in 'git push --help' for details.

pc@DESKTOP-B0V5MA7 MINGW32 /d/MyCourses/DataScienceJohnsHopkins/datasciencecoursera (master)
$ git pull
warning: no common commits
remote: Counting objects: 3, done.
remote: Total 3 (delta 0), reused 0 (delta 0), pack-reused 3
Unpacking objects: 100% (3/3), done.
From https://github.com/aliaamohamedali/datasciencecoursera
 * [new branch]      master     -> origin/master
There is no tracking information for the current branch.
Please specify which branch you want to merge with.
See git-pull(1) for details.

    git pull <remote> <branch>

If you wish to set tracking information for this branch you can do so with:

    git branch --set-upstream-to=origin/<branch> master


pc@DESKTOP-B0V5MA7 MINGW32 /d/MyCourses/DataScienceJohnsHopkins/datasciencecoursera (master)
$ git pull --rebase origin master
From https://github.com/aliaamohamedali/datasciencecoursera
 * branch            master     -> FETCH_HEAD
First, rewinding head to replay your work on top of it...
Applying: Excercise

pc@DESKTOP-B0V5MA7 MINGW32 /d/MyCourses/DataScienceJohnsHopkins/datasciencecoursera (master)
$ git add .

pc@DESKTOP-B0V5MA7 MINGW32 /d/MyCourses/DataScienceJohnsHopkins/datasciencecoursera (master)
$ git commit -m "C1 W4 Excercise"
On branch master
nothing to commit, working tree clean

pc@DESKTOP-B0V5MA7 MINGW32 /d/MyCourses/DataScienceJohnsHopkins/datasciencecoursera (master)
$ git push
fatal: The current branch master has no upstream branch.
To push the current branch and set the remote as upstream, use

    git push --set-upstream origin master


pc@DESKTOP-B0V5MA7 MINGW32 /d/MyCourses/DataScienceJohnsHopkins/datasciencecoursera (master)
$ git push origin master
Counting objects: 3, done.
Delta compression using up to 4 threads.
Compressing objects: 100% (2/2), done.
Writing objects: 100% (3/3), 307 bytes | 102.00 KiB/s, done.
Total 3 (delta 0), reused 0 (delta 0)
To https://github.com/aliaamohamedali/datasciencecoursera.git
   e7c0e73..cbddf34  master -> master

pc@DESKTOP-B0V5MA7 MINGW32 /d/MyCourses/DataScienceJohnsHopkins/datasciencecoursera (master)
$ git add .

pc@DESKTOP-B0V5MA7 MINGW32 /d/MyCourses/DataScienceJohnsHopkins/datasciencecoursera (master)
$ git commit -m "What I did to login to repo/pull/add/commit/push"
[master 0560dab] What I did to login to repo/pull/add/commit/push
 1 file changed, 113 insertions(+)
 create mode 100644 Pushing_2.txt

pc@DESKTOP-B0V5MA7 MINGW32 /d/MyCourses/DataScienceJohnsHopkins/datasciencecoursera (master)
$ git push origin master
Counting objects: 3, done.
Delta compression using up to 4 threads.
Compressing objects: 100% (3/3), done.
Writing objects: 100% (3/3), 1.52 KiB | 779.00 KiB/s, done.
Total 3 (delta 0), reused 0 (delta 0)
To https://github.com/aliaamohamedali/datasciencecoursera.git
   cbddf34..0560dab  master -> master

pc@DESKTOP-B0V5MA7 MINGW32 /d/MyCourses/DataScienceJohnsHopkins/datasciencecoursera (master)
$
